[    0.000000] Linux version 4.15.0-132-generic (buildd@lgw01-amd64-036) (gcc version 7.5.0 (Ubuntu 7.5.0-3ubuntu1~18.04)) #136-Ubuntu SMP Tue Jan 12 14:58:42 UTC 2021 (Ubuntu 4.15.0-132.136-generic 4.15.18)
[    0.000000] Command line: BOOT_IMAGE=/boot/vmlinuz-4.15.0-132-generic root=UUID=a582e8d1-b7a9-43c9-bc43-fd80e8102b06 ro console=tty1 console=ttyS0
[    0.000000] KERNEL supported cpus:
[    0.000000]   Intel GenuineIntel
[    0.000000]   AMD AuthenticAMD
[    0.000000]   Centaur CentaurHauls
[    0.000000] x86/fpu: x87 FPU will use FXSAVE
[    0.000000] e820: BIOS-provided physical RAM map:
[    0.000000] BIOS-e820: [mem 0x0000000000000000-0x000000000009fbff] usable
[    0.000000] BIOS-e820: [mem 0x000000000009fc00-0x000000000009ffff] reserved
[    0.000000] BIOS-e820: [mem 0x00000000000f0000-0x00000000000fffff] reserved
[    0.000000] BIOS-e820: [mem 0x0000000000100000-0x000000003ffeffff] usable
[    0.000000] BIOS-e820: [mem 0x000000003fff0000-0x000000003fffffff] ACPI data
[    0.000000] BIOS-e820: [mem 0x00000000fec00000-0x00000000fec00fff] reserved
[    0.000000] BIOS-e820: [mem 0x00000000fee00000-0x00000000fee00fff] reserved
[    0.000000] BIOS-e820: [mem 0x00000000fffc0000-0x00000000ffffffff] reserved
[    0.000000] NX (Execute Disable) protection: active
[    0.000000] SMBIOS 2.5 present.
[    0.000000] DMI: innotek GmbH VirtualBox/VirtualBox, BIOS VirtualBox 12/01/2006
[    0.000000] Hypervisor detected: KVM
[    0.000000] e820: last_pfn = 0x3fff0 max_arch_pfn = 0x400000000
[    0.000000] MTRR: Disabled
[    0.000000] x86/PAT: MTRRs disabled, skipping PAT initialization too.
[    0.000000] CPU MTRRs all blank - virtualized system.
[    0.000000] x86/PAT: Configuration [0-7]: WB  WT  UC- UC  WB  WT  UC- UC  
[    0.000000] found SMP MP-table at [mem 0x0009fff0-0x0009ffff]
[    0.000000] Scanning 1 areas for low memory corruption
[    0.000000] RAMDISK: [mem 0x35953000-0x36ca0fff]
[    0.000000] ACPI: Early table checksum verification disabled
[    0.000000] ACPI: RSDP 0x00000000000E0000 000024 (v02 VBOX  )
[    0.000000] ACPI: XSDT 0x000000003FFF0030 00003C (v01 VBOX   VBOXXSDT 00000001 ASL  00000061)
[    0.000000] ACPI: FACP 0x000000003FFF00F0 0000F4 (v04 VBOX   VBOXFACP 00000001 ASL  00000061)
[    0.000000] ACPI: DSDT 0x000000003FFF0470 002325 (v02 VBOX   VBOXBIOS 00000002 INTL 20100528)
[    0.000000] ACPI: FACS 0x000000003FFF0200 000040
[    0.000000] ACPI: FACS 0x000000003FFF0200 000040
[    0.000000] ACPI: APIC 0x000000003FFF0240 000054 (v02 VBOX   VBOXAPIC 00000001 ASL  00000061)
[    0.000000] ACPI: SSDT 0x000000003FFF02A0 0001CC (v01 VBOX   VBOXCPUT 00000002 INTL 20100528)
[    0.000000] No NUMA configuration found
[    0.000000] Faking a node at [mem 0x0000000000000000-0x000000003ffeffff]
[    0.000000] NODE_DATA(0) allocated [mem 0x3ffc5000-0x3ffeffff]
[    0.000000] kvm-clock: cpu 0, msr 0:3ff44001, primary cpu clock
[    0.000000] kvm-clock: Using msrs 4b564d01 and 4b564d00
[    0.000000] kvm-clock: using sched offset of 6417365180 cycles
[    0.000000] clocksource: kvm-clock: mask: 0xffffffffffffffff max_cycles: 0x1cd42e4dffb, max_idle_ns: 881590591483 ns
[    0.000000] Zone ranges:
[    0.000000]   DMA      [mem 0x0000000000001000-0x0000000000ffffff]
[    0.000000]   DMA32    [mem 0x0000000001000000-0x000000003ffeffff]
[    0.000000]   Normal   empty
[    0.000000]   Device   empty
[    0.000000] Movable zone start for each node
[    0.000000] Early memory node ranges
[    0.000000]   node   0: [mem 0x0000000000001000-0x000000000009efff]
[    0.000000]   node   0: [mem 0x0000000000100000-0x000000003ffeffff]
[    0.000000] Reserved but unavailable: 98 pages
[    0.000000] Initmem setup node 0 [mem 0x0000000000001000-0x000000003ffeffff]
[    0.000000] ACPI: PM-Timer IO Port: 0x4008
[    0.000000] IOAPIC[0]: apic_id 1, version 32, address 0xfec00000, GSI 0-23
[    0.000000] ACPI: INT_SRC_OVR (bus 0 bus_irq 0 global_irq 2 dfl dfl)
[    0.000000] ACPI: INT_SRC_OVR (bus 0 bus_irq 9 global_irq 9 low level)
[    0.000000] Using ACPI (MADT) for SMP configuration information
[    0.000000] smpboot: Allowing 1 CPUs, 0 hotplug CPUs
[    0.000000] PM: Registered nosave memory: [mem 0x00000000-0x00000fff]
[    0.000000] PM: Registered nosave memory: [mem 0x0009f000-0x0009ffff]
[    0.000000] PM: Registered nosave memory: [mem 0x000a0000-0x000effff]
[    0.000000] PM: Registered nosave memory: [mem 0x000f0000-0x000fffff]
[    0.000000] e820: [mem 0x40000000-0xfebfffff] available for PCI devices
[    0.000000] Booting paravirtualized kernel on KVM
[    0.000000] clocksource: refined-jiffies: mask: 0xffffffff max_cycles: 0xffffffff, max_idle_ns: 7645519600211568 ns
[    0.000000] random: get_random_bytes called from start_kernel+0x99/0x500 with crng_init=0
[    0.000000] setup_percpu: NR_CPUS:8192 nr_cpumask_bits:1 nr_cpu_ids:1 nr_node_ids:1
[    0.000000] percpu: Embedded 45 pages/cpu s147456 r8192 d28672 u2097152
[    0.000000] PV qspinlock hash table entries: 256 (order: 0, 4096 bytes)
[    0.000000] Built 1 zonelists, mobility grouping on.  Total pages: 257913
[    0.000000] Policy zone: DMA32
[    0.000000] Kernel command line: BOOT_IMAGE=/boot/vmlinuz-4.15.0-132-generic root=UUID=a582e8d1-b7a9-43c9-bc43-fd80e8102b06 ro console=tty1 console=ttyS0
[    0.000000] Memory: 982656K/1048120K available (12300K kernel code, 2482K rwdata, 4276K rodata, 2440K init, 2724K bss, 65464K reserved, 0K cma-reserved)
[    0.000000] SLUB: HWalign=64, Order=0-3, MinObjects=0, CPUs=1, Nodes=1
[    0.000000] Kernel/User page tables isolation: enabled
[    0.000000] ftrace: allocating 39421 entries in 154 pages
[    0.004000] Hierarchical RCU implementation.
[    0.004000] 	RCU restricting CPUs from NR_CPUS=8192 to nr_cpu_ids=1.
[    0.004000] 	Tasks RCU enabled.
[    0.004000] RCU: Adjusting geometry for rcu_fanout_leaf=16, nr_cpu_ids=1
[    0.004000] NR_IRQS: 524544, nr_irqs: 256, preallocated irqs: 16
[    0.004000] Console: colour VGA+ 80x25
[    0.004000] console [tty1] enabled
[    0.004000] console [ttyS0] enabled
[    0.004000] ACPI: Core revision 20170831
[    0.004000] ACPI: 2 ACPI AML tables successfully acquired and loaded
[    0.004000] APIC: Switch to symmetric I/O mode setup
[    0.004000] ..TIMER: vector=0x30 apic1=0 pin1=2 apic2=-1 pin2=-1
[    0.004004] tsc: Detected 1992.000 MHz processor
[    0.006909] Calibrating delay loop (skipped) preset value.. 3984.00 BogoMIPS (lpj=7968000)
[    0.008004] pid_max: default: 32768 minimum: 301
[    0.012067] Security Framework initialized
[    0.014727] Yama: becoming mindful.
[    0.016020] AppArmor: AppArmor initialized
[    0.028296] Dentry cache hash table entries: 131072 (order: 8, 1048576 bytes)
[    0.033902] Inode-cache hash table entries: 65536 (order: 7, 524288 bytes)
[    0.040102] Mount-cache hash table entries: 2048 (order: 2, 16384 bytes)
[    0.044063] Mountpoint-cache hash table entries: 2048 (order: 2, 16384 bytes)
[    0.049145] Last level iTLB entries: 4KB 64, 2MB 8, 4MB 8
[    0.052007] Last level dTLB entries: 4KB 64, 2MB 0, 4MB 0, 1GB 4
[    0.056004] Spectre V1 : Mitigation: usercopy/swapgs barriers and __user pointer sanitization
[    0.060006] Spectre V2 : Mitigation: Full generic retpoline
[    0.064005] Spectre V2 : Spectre v2 / SpectreRSB mitigation: Filling RSB on context switch
[    0.068003] Speculative Store Bypass: Vulnerable
[    0.072042] MDS: Mitigation: Clear CPU buffers
[    0.083006] Freeing SMP alternatives memory: 36K
[    0.192467] smpboot: CPU0: Intel(R) Core(TM) i7-8550U CPU @ 1.80GHz (family: 0x6, model: 0x8e, stepping: 0xa)
[    0.196451] Performance Events: unsupported p6 CPU model 142 no PMU driver, software events only.
[    0.200179] Hierarchical SRCU implementation.
[    0.204729] NMI watchdog: Perf event create on CPU 0 failed with -2
[    0.208002] NMI watchdog: Perf NMI watchdog permanently disabled
[    0.216173] smp: Bringing up secondary CPUs ...
[    0.220005] smp: Brought up 1 node, 1 CPU
[    0.223316] smpboot: Max logical packages: 1
[    0.224003] smpboot: Total of 1 processors activated (3984.00 BogoMIPS)
[    0.228313] devtmpfs: initialized
[    0.232151] x86/mm: Memory block size: 128MB
[    0.236360] evm: security.selinux
[    0.240004] evm: security.SMACK64
[    0.242951] evm: security.SMACK64EXEC
[    0.244002] evm: security.SMACK64TRANSMUTE
[    0.252006] evm: security.SMACK64MMAP
[    0.255425] evm: security.apparmor
[    0.256005] evm: security.ima
[    0.260003] evm: security.capability
[    0.264223] clocksource: jiffies: mask: 0xffffffff max_cycles: 0xffffffff, max_idle_ns: 7645041785100000 ns
[    0.268008] futex hash table entries: 256 (order: 2, 16384 bytes)
[    0.272104] pinctrl core: initialized pinctrl subsystem
[    0.276311] RTC time: 17:53:34, date: 02/04/21
[    0.280412] NET: Registered protocol family 16
[    0.284108] audit: initializing netlink subsys (disabled)
[    0.288591] cpuidle: using governor ladder
[    0.292006] audit: type=2000 audit(1612461221.806:1): state=initialized audit_enabled=0 res=1
[    0.296010] cpuidle: using governor menu
[    0.299119] ACPI: bus type PCI registered
[    0.304008] acpiphp: ACPI Hot Plug PCI Controller Driver version: 0.5
[    0.308384] PCI: Using configuration type 1 for base access
[    0.316700] HugeTLB registered 2.00 MiB page size, pre-allocated 0 pages
[    0.320754] ACPI: Added _OSI(Module Device)
[    0.324006] ACPI: Added _OSI(Processor Device)
[    0.328002] ACPI: Added _OSI(3.0 _SCP Extensions)
[    0.332002] ACPI: Added _OSI(Processor Aggregator Device)
[    0.336022] ACPI: Added _OSI(Linux-Dell-Video)
[    0.339108] ACPI: Added _OSI(Linux-Lenovo-NV-HDMI-Audio)
[    0.340003] ACPI: Added _OSI(Linux-HPI-Hybrid-Graphics)
[    0.344676] ACPI: Executed 1 blocks of module-level executable AML code
[    0.353531] ACPI: Interpreter enabled
[    0.356013] ACPI: (supports S0 S5)
[    0.358552] ACPI: Using IOAPIC for interrupt routing
[    0.364117] PCI: Using host bridge windows from ACPI; if necessary, use "pci=nocrs" and report a bug
[    0.368245] ACPI: Enabled 2 GPEs in block 00 to 07
[    0.382554] ACPI: PCI Root Bridge [PCI0] (domain 0000 [bus 00-ff])
[    0.384008] acpi PNP0A03:00: _OSC: OS supports [ASPM ClockPM Segments MSI]
[    0.388595] acpi PNP0A03:00: _OSC: not requesting OS control; OS requires [ExtendedConfig ASPM ClockPM MSI]
[    0.392011] acpi PNP0A03:00: fail to add MMCONFIG information, can't access extended PCI configuration space under this bridge.
[    0.396510] PCI host bridge to bus 0000:00
[    0.400004] pci_bus 0000:00: root bus resource [io  0x0000-0x0cf7 window]
[    0.404006] pci_bus 0000:00: root bus resource [io  0x0d00-0xffff window]
[    0.408012] pci_bus 0000:00: root bus resource [mem 0x000a0000-0x000bffff window]
[    0.412012] pci_bus 0000:00: root bus resource [mem 0x40000000-0xfdffffff window]
[    0.416006] pci_bus 0000:00: root bus resource [bus 00-ff]
[    0.424341] pci 0000:00:01.1: legacy IDE quirk: reg 0x10: [io  0x01f0-0x01f7]
[    0.428003] pci 0000:00:01.1: legacy IDE quirk: reg 0x14: [io  0x03f6]
[    0.432008] pci 0000:00:01.1: legacy IDE quirk: reg 0x18: [io  0x0170-0x0177]
[    0.436007] pci 0000:00:01.1: legacy IDE quirk: reg 0x1c: [io  0x0376]
[    0.508585] pci 0000:00:07.0: quirk: [io  0x4000-0x403f] claimed by PIIX4 ACPI
[    0.512043] pci 0000:00:07.0: quirk: [io  0x4100-0x410f] claimed by PIIX4 SMB
[    0.532665] ACPI: PCI Interrupt Link [LNKA] (IRQs 5 9 10 *11)
[    0.536444] ACPI: PCI Interrupt Link [LNKB] (IRQs 5 9 *10 11)
[    0.540140] ACPI: PCI Interrupt Link [LNKC] (IRQs 5 *9 10 11)
[    0.544189] ACPI: PCI Interrupt Link [LNKD] (IRQs 5 9 10 *11)
[    0.548714] SCSI subsystem initialized
[    0.552241] pci 0000:00:02.0: vgaarb: setting as boot VGA device
[    0.556000] pci 0000:00:02.0: vgaarb: VGA device added: decodes=io+mem,owns=io+mem,locks=none
[    0.556009] pci 0000:00:02.0: vgaarb: bridge control possible
[    0.564007] vgaarb: loaded
[    0.566031] ACPI: bus type USB registered
[    0.568073] usbcore: registered new interface driver usbfs
[    0.572019] usbcore: registered new interface driver hub
[    0.576019] usbcore: registered new device driver usb
[    0.580155] EDAC MC: Ver: 3.0.0
[    0.584635] PCI: Using ACPI for IRQ routing
[    0.588475] NetLabel: Initializing
[    0.592002] NetLabel:  domain hash size = 128
[    0.596002] NetLabel:  protocols = UNLABELED CIPSOv4 CALIPSO
[    0.600149] NetLabel:  unlabeled traffic allowed by default
[    0.604221] clocksource: Switched to clocksource kvm-clock
[    0.659578] VFS: Disk quotas dquot_6.6.0
[    0.663564] VFS: Dquot-cache hash table entries: 512 (order 0, 4096 bytes)
[    0.669786] AppArmor: AppArmor Filesystem Enabled
[    0.673686] pnp: PnP ACPI init
[    0.677426] pnp: PnP ACPI: found 3 devices
[    0.687782] clocksource: acpi_pm: mask: 0xffffff max_cycles: 0xffffff, max_idle_ns: 2085701024 ns
[    0.694863] NET: Registered protocol family 2
[    0.698611] TCP established hash table entries: 8192 (order: 4, 65536 bytes)
[    0.706179] TCP bind hash table entries: 8192 (order: 5, 131072 bytes)
[    0.714745] TCP: Hash tables configured (established 8192 bind 8192)
[    0.721867] UDP hash table entries: 512 (order: 2, 16384 bytes)
[    0.726201] UDP-Lite hash table entries: 512 (order: 2, 16384 bytes)
[    0.730578] NET: Registered protocol family 1
[    0.733943] pci 0000:00:00.0: Limiting direct PCI/PCI transfers
[    0.737907] pci 0000:00:01.0: Activating ISA DMA hang workarounds
[    0.742650] pci 0000:00:02.0: Video device with shadowed ROM at [mem 0x000c0000-0x000dffff]
[    0.750568] Unpacking initramfs...
[    1.303710] Freeing initrd memory: 19768K
[    1.308018] clocksource: tsc: mask: 0xffffffffffffffff max_cycles: 0x396d519840e, max_idle_ns: 881590569543 ns
[    1.316032] platform rtc_cmos: registered platform RTC device (no PNP device found)
[    1.323212] Scanning for low memory corruption every 60 seconds
[    1.328875] Initialise system trusted keyrings
[    1.331757] Key type blacklist registered
[    1.335976] workingset: timestamp_bits=36 max_order=18 bucket_order=0
[    1.343838] zbud: loaded
[    1.347761] squashfs: version 4.0 (2009/01/31) Phillip Lougher
[    1.353531] fuse init (API version 7.26)
[    1.360998] Key type asymmetric registered
[    1.364602] Asymmetric key parser 'x509' registered
[    1.369097] Block layer SCSI generic (bsg) driver version 0.4 loaded (major 246)
[    1.376495] io scheduler noop registered
[    1.379062] io scheduler deadline registered
[    1.383272] io scheduler cfq registered (default)
[    1.387192] ACPI: AC Adapter [AC] (on-line)
[    1.390061] input: Power Button as /devices/LNXSYSTM:00/LNXPWRBN:00/input/input0
[    1.396840] ACPI: Power Button [PWRF]
[    1.399479] input: Sleep Button as /devices/LNXSYSTM:00/LNXSLPBN:00/input/input1
[    1.405582] ACPI: Sleep Button [SLPF]
[    1.409403] ACPI: Battery Slot [BAT0] (battery present)
[    1.413377] Serial: 8250/16550 driver, 32 ports, IRQ sharing enabled
[    1.448195] 00:02: ttyS0 at I/O 0x3f8 (irq = 4, base_baud = 115200) is a 16550A
[    1.457173] Linux agpgart interface v0.103
[    1.466449] loop: module loaded
[    1.474126] scsi host0: ata_piix
[    1.477361] scsi host1: ata_piix
[    1.479988] ata1: PATA max UDMA/33 cmd 0x1f0 ctl 0x3f6 bmdma 0xd000 irq 14
[    1.486255] ata2: PATA max UDMA/33 cmd 0x170 ctl 0x376 bmdma 0xd008 irq 15
[    1.492316] libphy: Fixed MDIO Bus: probed
[    1.495041] tun: Universal TUN/TAP device driver, 1.6
[    1.500363] PPP generic driver version 2.4.2
[    1.503936] ehci_hcd: USB 2.0 'Enhanced' Host Controller (EHCI) Driver
[    1.509323] ehci-pci: EHCI PCI platform driver
[    1.513271] ehci-platform: EHCI generic platform driver
[    1.517673] ohci_hcd: USB 1.1 'Open' Host Controller (OHCI) Driver
[    1.521735] ohci-pci: OHCI PCI platform driver
[    1.525004] ohci-platform: OHCI generic platform driver
[    1.529645] uhci_hcd: USB Universal Host Controller Interface driver
[    1.534663] i8042: PNP: PS/2 Controller [PNP0303:PS2K,PNP0f03:PS2M] at 0x60,0x64 irq 1,12
[    1.544278] serio: i8042 KBD port at 0x60,0x64 irq 1
[    1.549273] serio: i8042 AUX port at 0x60,0x64 irq 12
[    1.553902] mousedev: PS/2 mouse device common for all mice
[    1.560543] input: AT Translated Set 2 keyboard as /devices/platform/i8042/serio0/input/input2
[    1.567806] rtc_cmos rtc_cmos: rtc core: registered rtc_cmos as rtc0
[    1.574533] rtc_cmos rtc_cmos: alarms up to one day, 114 bytes nvram
[    1.579486] i2c /dev entries driver
[    1.582473] device-mapper: uevent: version 1.0.3
[    1.586076] device-mapper: ioctl: 4.37.0-ioctl (2017-09-20) initialised: dm-devel@redhat.com
[    1.591749] ledtrig-cpu: registered to indicate activity on CPUs
[    1.596957] NET: Registered protocol family 10
[    1.605365] Segment Routing with IPv6
[    1.607716] NET: Registered protocol family 17
[    1.611398] Key type dns_resolver registered
[    1.615039] mce: Using 0 MCE banks
[    1.617708] RAS: Correctable Errors collector initialized.
[    1.621956] sched_clock: Marking stable (1621888756, 0)->(2330233051, -708344295)
[    1.628468] registered taskstats version 1
[    1.631195] Loading compiled-in X.509 certificates
[    1.638741] Loaded X.509 cert 'Build time autogenerated kernel key: a98b2ffd047997e948f693688a19fea0dd669537'
[    1.647772] zswap: loaded using pool lzo/zbud
[    1.719611] Key type big_key registered
[    1.723514] Key type trusted registered
[    1.729637] Key type encrypted registered
[    1.733703] AppArmor: AppArmor sha1 policy hashing enabled
[    1.738454] ima: No TPM chip found, activating TPM-bypass! (rc=-19)
[    1.743914] ima: Allocated hash algorithm: sha1
[    1.748769] evm: HMAC attrs: 0x1
[    1.752561]   Magic number: 9:417:895
[    1.755975] rtc_cmos rtc_cmos: setting system clock to 2021-02-04 17:53:35 UTC (1612461215)
[    1.766167] BIOS EDD facility v0.16 2004-Jun-25, 0 devices found
[    1.771988] EDD information not available.
[    1.780699] Freeing unused kernel image memory: 2440K
[    1.792197] Write protecting the kernel read-only data: 20480k
[    1.798100] Freeing unused kernel image memory: 2008K
[    1.802864] Freeing unused kernel image memory: 1868K
[    1.815431] x86/mm: Checked W+X mappings: passed, no W+X pages found.
[    1.822382] x86/mm: Checking user space page tables
[    1.834348] x86/mm: Checked W+X mappings: passed, no W+X pages found.
Loading, please wait...
starting version 237
[    2.000439] Fusion MPT base driver 3.04.20
[    2.004120] Copyright (c) 1999-2008 LSI Corporation
[    2.017171] e1000: Intel(R) PRO/1000 Network Driver - version 7.3.21-k8-NAPI
[    2.022856] e1000: Copyright (c) 1999-2006 Intel Corporation.
[    2.083523] vboxvideo: loading out-of-tree module taints kernel.
[    2.090064] Fusion MPT SPI Host driver 3.04.20
[    2.106379] vboxvideo: module verification failed: signature and/or required key missing - tainting kernel
[    2.273742] input: ImExPS/2 Generic Explorer Mouse as /devices/platform/i8042/serio1/input/input4
[    2.801287] e1000 0000:00:03.0 eth0: (PCI:33MHz:32-bit) 02:60:71:1d:34:36
[    2.806787] e1000 0000:00:03.0 eth0: Intel(R) PRO/1000 Network Connection
[    2.813387] mptbase: ioc0: Initiating bringup
[    2.914072] ioc0: LSI53C1030 A0: Capabilities={Initiator}
[    3.170570] scsi host2: ioc0: LSI53C1030 A0, FwRev=00000000h, Ports=1, MaxQ=256, IRQ=20
[    3.345311] scsi 2:0:0:0: Direct-Access     VBOX     HARDDISK         1.0  PQ: 0 ANSI: 5
[    3.353197] [drm] VRAM 01000000
[    3.356376] scsi target2:0:0: Beginning Domain Validation
[    3.361214] [TTM] Zone  kernel: Available graphics memory: 504388 kiB
[    3.366387] [TTM] Initializing pool allocator
[    3.370762] [TTM] Initializing DMA pool allocator
[    3.377037] random: fast init done
[    3.381622] random: systemd-udevd: uninitialized urandom read (16 bytes read)
[    3.450598] random: systemd-udevd: uninitialized urandom read (16 bytes read)
[    3.457805] random: systemd-udevd: uninitialized urandom read (16 bytes read)
[    3.464738] scsi target2:0:0: Domain Validation skipping write tests
[    3.469531] scsi target2:0:0: Ending Domain Validation
[    3.474023] fbcon: vboxdrmfb (fb0) is primary device
[    3.494281] Console: switching to colour frame buffer device 100x37
[    3.496455] scsi target2:0:0: asynchronous
[    3.526554] vboxvideo 0000:00:02.0: fb0: vboxdrmfb frame buffer device
[    3.530071] scsi 2:0:1:0: Direct-Access     VBOX     HARDDISK         1.0  PQ: 0 ANSI: 5
[    3.532566] scsi target2:0:1: Beginning Domain Validation
[    3.534122] [drm] Initialized vboxvideo 1.0.0 20130823 for 0000:00:02.0 on minor 0
[    3.543622] scsi target2:0:1: Domain Validation skipping write tests
[    3.547386] scsi target2:0:1: Ending Domain Validation
[    3.553164] scsi target2:0:1: asynchronous
[    3.567776] sd 2:0:0:0: [sda] 20971520 512-byte logical blocks: (10.7 GB/10.0 GiB)
[    3.571810] sd 2:0:0:0: Attached scsi generic sg0 type 0
[    3.574482] sd 2:0:0:0: [sda] Write Protect is off
[    3.582072] sd 2:0:0:0: [sda] Incomplete mode parameter data
[    3.590966] sd 2:0:0:0: [sda] Assuming drive cache: write through
[    3.607511] sd 2:0:1:0: [sdb] 20480 512-byte logical blocks: (10.5 MB/10.0 MiB)
[    3.618137] sd 2:0:1:0: Attached scsi generic sg1 type 0
[    3.634950] sd 2:0:1:0: [sdb] Write Protect is off
[    3.653561] sd 2:0:1:0: [sdb] Incomplete mode parameter data
[    3.662162] sd 2:0:1:0: [sdb] Assuming drive cache: write through
[    3.690898]  sda: sda1
[    3.742788] sd 2:0:0:0: [sda] Attached SCSI disk
[    3.779015] sd 2:0:1:0: [sdb] Attached SCSI disk
[    4.333040] e1000 0000:00:08.0 eth1: (PCI:33MHz:32-bit) 08:00:27:07:ce:98
[    4.343148] e1000 0000:00:08.0 eth1: Intel(R) PRO/1000 Network Connection
[    4.971411] e1000 0000:00:09.0 eth2: (PCI:33MHz:32-bit) 08:00:27:fa:f8:a8
[    4.982951] e1000 0000:00:09.0 eth2: Intel(R) PRO/1000 Network Connection
[    4.996019] e1000 0000:00:09.0 enp0s9: renamed from eth2
[    5.037334] e1000 0000:00:08.0 enp0s8: renamed from eth1
[    5.048459] e1000 0000:00:03.0 enp0s3: renamed from eth0
Begin: Loading essential drivers ... [    5.260211] raid6: sse2x1   gen() 10598 MB/s
[    5.324234] raid6: sse2x1   xor()  8306 MB/s
[    5.388165] raid6: sse2x2   gen() 14130 MB/s
[    5.452644] raid6: sse2x2   xor()  9614 MB/s
[    5.517186] raid6: sse2x4   gen() 16789 MB/s
[    5.580434] raid6: sse2x4   xor() 10401 MB/s
[    5.589503] raid6: using algorithm sse2x4 gen() 16789 MB/s
[    5.599488] raid6: .... xor() 10401 MB/s, rmw enabled
[    5.610024] raid6: using ssse3x2 recovery algorithm
[    5.621800] xor: measuring software checksum speed
[    5.732061]    prefetch64-sse: 50797.000 MB/sec
[    5.848425]    generic_sse: 48222.000 MB/sec
[    5.857259] xor: using function: prefetch64-sse (50797.000 MB/sec)
[    5.869536] async_tx: api initialized (async)
done.
Begin: Running /scripts/init-premount ... done.
Begin: Mounting root file system ... Begin: Running /scripts/local-top ... done.
Begin: Running /scripts/local-premount ... [    5.936109] Btrfs loaded, crc32c=crc32c-intel
Scanning for Btrfs filesystems
done.
Warning: fsck not present, so skipping root file system
[    6.013289] EXT4-fs (sda1): INFO: recovery required on readonly filesystem
[    6.024106] EXT4-fs (sda1): write access will be enabled during recovery
[    6.488388] EXT4-fs (sda1): recovery complete
[    6.500400] EXT4-fs (sda1): mounted filesystem with ordered data mode. Opts: (null)
done.
Begin: Running /scripts/local-bottom ... done.
Begin: Running /scripts/init-bottom ... done.
[    7.597575] ip_tables: (C) 2000-2006 Netfilter Core Team
[    7.682507] systemd[1]: systemd 237 running in system mode. (+PAM +AUDIT +SELINUX +IMA +APPARMOR +SMACK +SYSVINIT +UTMP +LIBCRYPTSETUP +GCRYPT +GNUTLS +ACL +XZ +LZ4 +SECCOMP +BLKID +ELFUTILS +KMOD -IDN2 +IDN -PCRE2 default-hierarchy=hybrid)
[    7.716339] systemd[1]: Detected virtualization oracle.
[    7.726422] systemd[1]: Detected architecture x86-64.

Welcome to [1mUbuntu 18.04.5 LTS[0m!

[    7.755157] systemd[1]: Set hostname to <alpha>.
[    7.826887] random: crng init done
[    7.835846] random: 7 urandom warning(s) missed due to ratelimiting
[    9.558739] systemd[1]: Reached target Swap.
[[0;32m  OK  [0m] Reached target Swap.
[    9.570429] systemd[1]: Started Forward Password Requests to Wall Directory Watch.
[[0;32m  OK  [0m] Started Forward Password Requests to Wall Directory Watch.
[    9.584508] systemd[1]: Created slice System Slice.
[[0;32m  OK  [0m] Created slice System Slice.
[    9.596042] systemd[1]: Listening on /dev/initctl Compatibility Named Pipe.
[[0;32m  OK  [0m] Listening on /dev/initctl Compatibility Named Pipe.
[    9.611745] systemd[1]: Listening on udev Kernel Socket.
[[0;32m  OK  [0m] Listening on udev Kernel Socket.
[    9.623808] systemd[1]: Listening on Journal Audit Socket.
[[0;32m  OK  [0m] Listening on Journal Audit Socket.
[[0;32m  OK  [0m] Listening on Journal Socket (/dev/log).
[[0;32m  OK  [0m] Listening on Device-mapper event daemon FIFOs.
[[0;32m  OK  [0m] Listening on Journal Socket.
         Starting Create list of required stâ€¦ce nodes for the current kernel...
         Starting Remount Root and Kernel File Systems...
         Starting Set the console keyboard layout...
         Mounting POSIX Message Queue File System...
         Starting Load Kernel Modules...
[[0;32m  OK  [0m] Listening on Network Service Netlink Socket.
         Mounting Kernel Debug File System...
[[0;32m  OK  [0m] Created slice system-serial\x2dgetty.slice.
[[0;32m  OK  [0m] Listening on LVM2 poll daemon socket.
[[0;32m  OK  [0m] Reached target System Time Synchronized.
         Starting Uncomplicated firewall...
[[0;32m  OK  [0m] Listening on udev Control Socket.
         Starting udev Coldplug all Devices...
[[0;32m  OK  [0m] Listening on LVM2 metadata daemon socket.
         Starting Monitoring of LVM2 mirrorsâ€¦ng dmeventd or progress polling...
[    9.810049] EXT4-fs (sda1): re-mounted. Opts: (null)
         Mounting Huge Pages File System...
[[0;32m  OK  [0m] Created slice User and Session Slice.
[[0;32m  OK  [0m] Reached target Slices.
[[0;32m  OK  [0m] Listening on Syslog Socket.
         Starting Journal Service...
[[0;32m  OK  [0m] Reached target User and Group Name Lookups.
[[0;32m  OK  [0m] Set up automount Arbitrary Executabâ€¦rmats File System Automount Point.
[    9.922838] Loading iSCSI transport class v2.0-870.
[[0;32m  OK  [0m] Started Create list of required staâ€¦vice nodes for the current kernel.
[[0;32m  OK  [0m] Started Remount Root and Kernel File Systems.
[[0;32m  OK  [0m] Mounted POSIX Message Queue File System.
[[0;32m  OK  [0m] Mounted Kernel Debug File System.
[[0;32m  OK  [0m] Started Uncomplicated firewall.
[[0;32m  OK  [0m] Mounted Huge Pages File System.
         Starting Load/Save Random Seed...
         Starting Create Static Device Nodes in /dev...
[[0;32m  OK  [0m] Started Journal Service.
[[0;32m  OK  [0m] Started udev Coldplug all Devices.
         Starting Flush Journal to Persistent Storage...
[[0;32m  OK  [0m] Started Load/Save Random Seed.
[   10.289298] iscsi: registered transport (tcp)
[   10.382644] systemd-journald[395]: Received request to flush runtime journal from PID 1
[[0;32m  OK  [0m] Started LVM2 metadata daemon.
[   10.587649] iscsi: registered transport (iser)
[[0;32m  OK  [0m] Started Load Kernel Modules.
         Starting Apply Kernel Variables...
         Mounting Kernel Configuration File System...
         Mounting FUSE Control File System...
[[0;32m  OK  [0m] Mounted Kernel Configuration File System.
[[0;32m  OK  [0m] Mounted FUSE Control File System.
[[0;32m  OK  [0m] Started Monitoring of LVM2 mirrors,â€¦sing dmeventd or progress polling.
[[0;32m  OK  [0m] Started Create Static Device Nodes in /dev.
         Starting udev Kernel Device Manager...
[   10.855227] systemd-journald[395]: File /var/log/journal/798bce8f3480460e88bc4b60c60ca7a2/system.journal corrupted or uncleanly shut down, renaming and replacing.
[[0;32m  OK  [0m] Started Apply Kernel Variables.
[[0;32m  OK  [0m] Started udev Kernel Device Manager.
[[0;32m  OK  [0m] Found device /dev/ttyS0.
[[0;32m  OK  [0m] Listening on Load/Save RF Kill Switch Status /dev/rfkill Watch.
[[0;32m  OK  [0m] Started Flush Journal to Persistent Storage.
[[0;32m  OK  [0m] Started Set the console keyboard layout.
[[0;32m  OK  [0m] Started Dispatch Password Requests to Console Directory Watch.
[[0;32m  OK  [0m] Reached target Local Encrypted Volumes.
[[0;32m  OK  [0m] Reached target Local File Systems (Pre).
         Mounting /home/vagrant...
[[0;32m  OK  [0m] Reached target Local File Systems.
         Starting Create Volatile Files and Directories...
         Starting Set console font and keymap...
         Starting AppArmor initialization...
         Starting ebtables ruleset management...
         Starting Tell Plymouth To Write Out Runtime Data...
         Mounting /vagrant...
[[0;32m  OK  [0m] Started Set console font and keymap.
[[0;32m  OK  [0m] Started Tell Plymouth To Write Out Runtime Data.
[[0;1;31mFAILED[0m] Failed to mount /home/vagrant.
See 'systemctl status home-vagrant.mount' for details.
[[0;32m  OK  [0m] Started Create Volatile Files and Directories.
[[0;32m  OK  [0m] Mounted /vagrant.
         Starting Update UTMP about System Boot/Shutdown...
[[0;32m  OK  [0m] Started Update UTMP about System Boot/Shutdown.
[[0;32m  OK  [0m] Started ebtables ruleset management.
[[0;32m  OK  [0m] Started AppArmor initialization.
         Starting Load AppArmor profiles managed internally by snapd...
         Starting Initial cloud-init job (pre-networking)...
[[0;32m  OK  [0m] Started Load AppArmor profiles managed internally by snapd.
[   18.062992] cloud-init[649]: Cloud-init v. 20.4-0ubuntu1~18.04.2 running 'init-local' at Thu, 04 Feb 2021 17:53:51 +0000. Up 17.73 seconds.
[[0;32m  OK  [0m] Started Initial cloud-init job (pre-networking).
[[0;32m  OK  [0m] Reached target Network (Pre).
         Starting Network Service...
[[0;32m  OK  [0m] Started Network Service.
         Starting Wait for Network to be Configured...
         Starting Network Name Resolution...
[[0;32m  OK  [0m] Started Network Name Resolution.
[[0;32m  OK  [0m] Reached target Network.
[[0;32m  OK  [0m] Reached target Host and Network Name Lookups.
[[0m[0;31m*     [0m] A start job is running for Wait forâ€¦ to be Configured (14s / no limit)[K[[0;32m  OK  [0m] Started Wait for Network to be Configured.
         Starting Initial cloud-init job (metadata service crawler)...
[   24.306605] cloud-init[773]: Cloud-init v. 20.4-0ubuntu1~18.04.2 running 'init' at Thu, 04 Feb 2021 17:53:57 +0000. Up 24.14 seconds.
[   24.320983] cloud-init[773]: ci-info: ++++++++++++++++++++++++++++++++++++++++++++Net device info+++++++++++++++++++++++++++++++++++++++++++++
[   24.336694] cloud-init[773]: ci-info: +--------+------+-----------------------------------------+---------------+--------+-------------------+
[   24.343252] cloud-init[773]: ci-info: | Device |  Up  |                 Address                 |      Mask     | Scope  |     Hw-Address    |
[   24.360189] cloud-init[773]: ci-info: +--------+------+-----------------------------------------+---------------+--------+-------------------+
[   24.364300] cloud-init[773]: ci-info: | enp0s3 | True |                10.0.2.15                | 255.255.255.0 | global | 02:60:71:1d:34:36 |
[   24.374490] cloud-init[773]: ci-info: | enp0s3 | True |        fe80::60:71ff:fe1d:3436/64       |       .       |  link  | 02:60:71:1d:34:36 |
[   24.381001] cloud-init[773]: ci-info: | enp0s8 | True |               192.168.1.87              | 255.255.255.0 | global | 08:00:27:07:ce:98 |
[   24.389959] cloud-init[773]: ci-info: | enp0s8 | True | 2001:b07:a72:cca3:a00:27ff:fe07:ce98/64 |       .       | global | 08:00:27:07:ce:98 |
[   24.397701] cloud-init[773]: ci-info: | enp0s8 | True |       fe80::a00:27ff:fe07:ce98/64       |       .       |  link  | 08:00:27:07:ce:98 |
[   24.418832] cloud-init[773]: ci-info: | enp0s9 | True |               192.168.0.2               | 255.255.255.0 | global | 08:00:27:fa:f8:a8 |
[   24.427464] cloud-init[773]: ci-info: | enp0s9 | True |       fe80::a00:27ff:fefa:f8a8/64       |       .       |  link  | 08:00:27:fa:f8:a8 |
[   24.434751] cloud-init[773]: ci-info: |   lo   | True |                127.0.0.1                |   255.0.0.0   |  host  |         .         |
[   24.441808] cloud-init[773]: ci-info: |   lo   | True |                 ::1/128                 |       .       |  host  |         .         |
[   24.450254] cloud-init[773]: ci-info: +--------+------+-----------------------------------------+---------------+--------+-------------------+
[   24.457966] cloud-init[773]: ci-info: ++++++++++++++++++++++++++++++++Route IPv4 info++++++++++++++++++++++++++++++++
[   24.463614] cloud-init[773]: ci-info: +-------+---------------+---------------+-----------------+-----------+-------+
[   24.469024] cloud-init[773]: ci-info: | Route |  Destination  |    Gateway    |     Genmask     | Interface | Flags |
[   24.475300] cloud-init[773]: ci-info: +-------+---------------+---------------+-----------------+-----------+-------+
[   24.487476] cloud-init[773]: ci-info: |   0   |    0.0.0.0    |    10.0.2.2   |     0.0.0.0     |   enp0s3  |   UG  |
[   24.492984] cloud-init[773]: ci-info: |   1   |    0.0.0.0    | 192.168.1.254 |     0.0.0.0     |   enp0s8  |   UG  |
[   24.498282] cloud-init[773]: ci-info: |   2   |    10.0.2.0   |    0.0.0.0    |  255.255.255.0  |   enp0s3  |   U   |
[   24.503430] cloud-init[773]: ci-info: |   3   |    10.0.2.2   |    0.0.0.0    | 255.255.255.255 |   enp0s3  |   UH  |
[   24.511047] cloud-init[773]: ci-info: |   4   |  192.168.0.0  |    0.0.0.0    |  255.255.255.0  |   enp0s9  |   U   |
[   24.520531] cloud-init[773]: ci-info: |   5   |  192.168.1.0  |    0.0.0.0    |  255.255.255.0  |   enp0s8  |   U   |
[   24.527975] cloud-init[773]: ci-info: |   6   | 192.168.1.254 |    0.0.0.0    | 255.255.255.255 |   enp0s8  |   UH  |
[   24.533365] cloud-init[773]: ci-info: +-------+---------------+---------------+-----------------+-----------+-------+
[   24.542925] cloud-init[773]: ci-info: +++++++++++++++++++++++++++++++++Route IPv6 info++++++++++++++++++++++++++++++++++
[   24.548728] cloud-init[773]: ci-info: +-------+------------------------+---------------------------+-----------+-------+
[   24.554372] cloud-init[773]: ci-info: | Route |      Destination       |          Gateway          | Interface | Flags |
[   24.559617] cloud-init[773]: ci-info: +-------+------------------------+---------------------------+-----------+-------+
[   24.576360] cloud-init[773]: ci-info: |   1   | 2001:b07:a72:cca3::/64 |             ::            |   enp0s8  |   U   |
[   24.581215] cloud-init[773]: ci-info: |   2   |       fe80::/64        |             ::            |   enp0s9  |   U   |
[   24.587437] cloud-init[773]: ci-info: |   3   |       fe80::/64        |             ::            |   enp0s8  |   U   |
[   24.593598] cloud-init[773]: ci-info: |   4   |       fe80::/64        |             ::            |   enp0s3  |   U   |
[   24.599193] cloud-init[773]: ci-info: |   5   |          ::/0          | fe80::7a17:beff:fe06:6d9d |   enp0s8  |   UG  |
[   24.605675] cloud-init[773]: ci-info: |   7   |         local          |             ::            |   enp0s8  |   U   |
[   24.610865] cloud-init[773]: ci-info: |   8   |         local          |             ::            |   enp0s3  |   U   |
[   24.616039] cloud-init[773]: ci-info: |   9   |         local          |             ::            |   enp0s8  |   U   |
[   24.632260] cloud-init[773]: ci-info: |   10  |         local          |             ::            |   enp0s9  |   U   |
[   24.648731] cloud-init[773]: ci-info: |   11  |        ff00::/8        |             ::            |   enp0s9  |   U   |
[   24.676336] cloud-init[773]: ci-info: |   12  |        ff00::/8        |             ::            |   enp0s8  |   U   |
[   24.681839] cloud-init[773]: ci-info: |   13  |        ff00::/8        |             ::            |   enp0s3  |   U   |
[   24.688112] cloud-init[773]: ci-info: +-------+------------------------+---------------------------+-----------+-------+
[[0;32m  OK  [0m] Started Initial cloud-init job (metadata service crawler).
[[0;32m  OK  [0m] Reached target Cloud-config availability.
[[0;32m  OK  [0m] Reached target System Initialization.
[[0;32m  OK  [0m] Listening on UUID daemon activation socket.
[[0;32m  OK  [0m] Started Discard unused blocks once a week.
[[0;32m  OK  [0m] Listening on D-Bus System Message Bus Socket.
         Starting LXD - unix socket.
         Starting Socket activation for snappy daemon.
[[0;32m  OK  [0m] Listening on ACPID Listen Socket.
[[0;32m  OK  [0m] Listening on Open-iSCSI iscsid Socket.
[[0;32m  OK  [0m] Started Message of the Day.
[[0;32m  OK  [0m] Started ACPI Events Check.
[[0;32m  OK  [0m] Started Daily apt download activities.
[[0;32m  OK  [0m] Reached target Paths.
[[0;32m  OK  [0m] Started Daily apt upgrade and clean activities.
[[0;32m  OK  [0m] Started Daily Cleanup of Temporary Directories.
[[0;32m  OK  [0m] Reached target Timers.
[[0;32m  OK  [0m] Reached target Network is Online.
         Starting Availability of block devices...
[[0;32m  OK  [0m] Reached target Remote File Systems (Pre).
[[0;32m  OK  [0m] Reached target Remote File Systems.
[[0;32m  OK  [0m] Listening on LXD - unix socket.
[[0;32m  OK  [0m] Listening on Socket activation for snappy daemon.
[[0;32m  OK  [0m] Started Availability of block devices.
[[0;32m  OK  [0m] Reached target Sockets.
[[0;32m  OK  [0m] Reached target Basic System.
         Starting Accounts Service...
[[0;32m  OK  [0m] Started FUSE filesystem for LXC.
         Starting LSB: automatic crash report generation...
[[0;32m  OK  [0m] Started Deferred execution scheduler.
         Starting Discard unused blocks...
         Starting Login Service...
[[0;32m  OK  [0m] Started D-Bus System Message Bus.
[[0;32m  OK  [0m] Started Login Service.
         Starting Permit User Sessions...
         Starting LSB: Record successful boot for GRUB...
         Starting Dispatcher daemon for systemd-networkd...
[[0;32m  OK  [0m] Started irqbalance daemon.
         Starting vboxadd.service...
         Starting Message of the Day...
[[0;32m  OK  [0m] Started Regular background program processing daemon.
         Starting Snap Daemon...
[[0;32m  OK  [0m] Started Unattended Upgrades Shutdown.
         Starting OpenBSD Secure Shell server...
         Starting System Logging Service...
         Starting LXD - container startup/shutdown...
[[0;32m  OK  [0m] Started Discard unused blocks.
[[0;32m  OK  [0m] Started Permit User Sessions.
         Starting Hold until boot process finishes up...
         Starting Terminate Plymouth Boot Screen...
[[0;32m  OK  [0m] Started Hold until boot process finishes up.
[[0;32m  OK  [0m] Started Terminate Plymouth Boot Screen.
         Starting Set console scheme...
[[0;32m  OK  [0m] Started Serial Getty on ttyS0.
[[0;32m  OK  [0m] Started LSB: automatic crash report generation.
[[0;32m  OK  [0m] Started Set console scheme.
[[0;32m  OK  [0m] Created slice system-getty.slice.
[[0;32m  OK  [0m] Started Getty on tty1.
[[0;32m  OK  [0m] Reached target Login Prompts.
         Starting Authorization Manager...
[[0;32m  OK  [0m] Started LSB: Record successful boot for GRUB.
[[0;32m  OK  [0m] Started System Logging Service.
[[0;32m  OK  [0m] Started Authorization Manager.
[[0;32m  OK  [0m] Started Accounts Service.
[[0;32m  OK  [0m] Started OpenBSD Secure Shell server.
[[0;32m  OK  [0m] Started Dispatcher daemon for systemd-networkd.
[[0;32m  OK  [0m] Created slice User Slice of vagrant.
[[0;32m  OK  [0m] Started LXD - container startup/shutdown.
         Starting User Manager for UID 1000...
[[0;32m  OK  [0m] Started Session 1 of user vagrant.
[[0;32m  OK  [0m] Started Snap Daemon.
         Starting Wait until snapd is fully seeded...
[[0;32m  OK  [0m] Started User Manager for UID 1000.
[[0;32m  OK  [0m] Started Wait until snapd is fully seeded.
         Starting Apply the settings specified in cloud-config...

Ubuntu 18.04.5 LTS alpha ttyS0

alpha login: [   33.192994] cloud-init[1278]: Cloud-init v. 20.4-0ubuntu1~18.04.2 running 'modules:config' at Thu, 04 Feb 2021 17:54:05 +0000. Up 32.07 seconds.
[   37.970598] cloud-init[1591]: Cloud-init v. 20.4-0ubuntu1~18.04.2 running 'modules:final' at Thu, 04 Feb 2021 17:54:11 +0000. Up 37.50 seconds.
[   37.994107] cloud-init[1591]: Cloud-init v. 20.4-0ubuntu1~18.04.2 finished at Thu, 04 Feb 2021 17:54:11 +0000. Datasource DataSourceNoCloud [seed=/dev/sdb][dsmode=net].  Up 37.95 seconds
         Stopping LSB: automatic crash report generation...
[[0;32m  OK  [0m] Stopped LSB: automatic crash report generation.
         Starting LSB: automatic crash report generation...
[[0;32m  OK  [0m] Started LSB: automatic crash report generation.
[[0;32m  OK  [0m] Started Message of the Day.
[[0;32m  OK  [0m] Started Daily apt upgrade and clean activities.
