[    0.000000] Linux version 4.15.0-132-generic (buildd@lgw01-amd64-036) (gcc version 7.5.0 (Ubuntu 7.5.0-3ubuntu1~18.04)) #136-Ubuntu SMP Tue Jan 12 14:58:42 UTC 2021 (Ubuntu 4.15.0-132.136-generic 4.15.18)
[    0.000000] Command line: BOOT_IMAGE=/boot/vmlinuz-4.15.0-132-generic root=UUID=a582e8d1-b7a9-43c9-bc43-fd80e8102b06 ro console=tty1 console=ttyS0
[    0.000000] KERNEL supported cpus:
[    0.000000]   Intel GenuineIntel
[    0.000000]   AMD AuthenticAMD
[    0.000000]   Centaur CentaurHauls
[    0.000000] x86/fpu: x87 FPU will use FXSAVE
[    0.000000] e820: BIOS-provided physical RAM map:
[    0.000000] BIOS-e820: [mem 0x0000000000000000-0x000000000009fbff] usable
[    0.000000] BIOS-e820: [mem 0x000000000009fc00-0x000000000009ffff] reserved
[    0.000000] BIOS-e820: [mem 0x00000000000f0000-0x00000000000fffff] reserved
[    0.000000] BIOS-e820: [mem 0x0000000000100000-0x000000003ffeffff] usable
[    0.000000] BIOS-e820: [mem 0x000000003fff0000-0x000000003fffffff] ACPI data
[    0.000000] BIOS-e820: [mem 0x00000000fec00000-0x00000000fec00fff] reserved
[    0.000000] BIOS-e820: [mem 0x00000000fee00000-0x00000000fee00fff] reserved
[    0.000000] BIOS-e820: [mem 0x00000000fffc0000-0x00000000ffffffff] reserved
[    0.000000] NX (Execute Disable) protection: active
[    0.000000] SMBIOS 2.5 present.
[    0.000000] DMI: innotek GmbH VirtualBox/VirtualBox, BIOS VirtualBox 12/01/2006
[    0.000000] Hypervisor detected: KVM
[    0.000000] e820: last_pfn = 0x3fff0 max_arch_pfn = 0x400000000
[    0.000000] MTRR: Disabled
[    0.000000] x86/PAT: MTRRs disabled, skipping PAT initialization too.
[    0.000000] CPU MTRRs all blank - virtualized system.
[    0.000000] x86/PAT: Configuration [0-7]: WB  WT  UC- UC  WB  WT  UC- UC  
[    0.000000] found SMP MP-table at [mem 0x0009fff0-0x0009ffff]
[    0.000000] Scanning 1 areas for low memory corruption
[    0.000000] RAMDISK: [mem 0x3595d000-0x36ca5fff]
[    0.000000] ACPI: Early table checksum verification disabled
[    0.000000] ACPI: RSDP 0x00000000000E0000 000024 (v02 VBOX  )
[    0.000000] ACPI: XSDT 0x000000003FFF0030 00003C (v01 VBOX   VBOXXSDT 00000001 ASL  00000061)
[    0.000000] ACPI: FACP 0x000000003FFF00F0 0000F4 (v04 VBOX   VBOXFACP 00000001 ASL  00000061)
[    0.000000] ACPI: DSDT 0x000000003FFF0470 002325 (v02 VBOX   VBOXBIOS 00000002 INTL 20100528)
[    0.000000] ACPI: FACS 0x000000003FFF0200 000040
[    0.000000] ACPI: FACS 0x000000003FFF0200 000040
[    0.000000] ACPI: APIC 0x000000003FFF0240 000054 (v02 VBOX   VBOXAPIC 00000001 ASL  00000061)
[    0.000000] ACPI: SSDT 0x000000003FFF02A0 0001CC (v01 VBOX   VBOXCPUT 00000002 INTL 20100528)
[    0.000000] No NUMA configuration found
[    0.000000] Faking a node at [mem 0x0000000000000000-0x000000003ffeffff]
[    0.000000] NODE_DATA(0) allocated [mem 0x3ffc5000-0x3ffeffff]
[    0.000000] kvm-clock: cpu 0, msr 0:3ff44001, primary cpu clock
[    0.000000] kvm-clock: Using msrs 4b564d01 and 4b564d00
[    0.000000] kvm-clock: using sched offset of 6180587360 cycles
[    0.000000] clocksource: kvm-clock: mask: 0xffffffffffffffff max_cycles: 0x1cd42e4dffb, max_idle_ns: 881590591483 ns
[    0.000000] Zone ranges:
[    0.000000]   DMA      [mem 0x0000000000001000-0x0000000000ffffff]
[    0.000000]   DMA32    [mem 0x0000000001000000-0x000000003ffeffff]
[    0.000000]   Normal   empty
[    0.000000]   Device   empty
[    0.000000] Movable zone start for each node
[    0.000000] Early memory node ranges
[    0.000000]   node   0: [mem 0x0000000000001000-0x000000000009efff]
[    0.000000]   node   0: [mem 0x0000000000100000-0x000000003ffeffff]
[    0.000000] Reserved but unavailable: 98 pages
[    0.000000] Initmem setup node 0 [mem 0x0000000000001000-0x000000003ffeffff]
[    0.000000] ACPI: PM-Timer IO Port: 0x4008
[    0.000000] IOAPIC[0]: apic_id 1, version 32, address 0xfec00000, GSI 0-23
[    0.000000] ACPI: INT_SRC_OVR (bus 0 bus_irq 0 global_irq 2 dfl dfl)
[    0.000000] ACPI: INT_SRC_OVR (bus 0 bus_irq 9 global_irq 9 low level)
[    0.000000] Using ACPI (MADT) for SMP configuration information
[    0.000000] smpboot: Allowing 1 CPUs, 0 hotplug CPUs
[    0.000000] PM: Registered nosave memory: [mem 0x00000000-0x00000fff]
[    0.000000] PM: Registered nosave memory: [mem 0x0009f000-0x0009ffff]
[    0.000000] PM: Registered nosave memory: [mem 0x000a0000-0x000effff]
[    0.000000] PM: Registered nosave memory: [mem 0x000f0000-0x000fffff]
[    0.000000] e820: [mem 0x40000000-0xfebfffff] available for PCI devices
[    0.000000] Booting paravirtualized kernel on KVM
[    0.000000] clocksource: refined-jiffies: mask: 0xffffffff max_cycles: 0xffffffff, max_idle_ns: 7645519600211568 ns
[    0.000000] random: get_random_bytes called from start_kernel+0x99/0x500 with crng_init=0
[    0.000000] setup_percpu: NR_CPUS:8192 nr_cpumask_bits:1 nr_cpu_ids:1 nr_node_ids:1
[    0.000000] percpu: Embedded 45 pages/cpu s147456 r8192 d28672 u2097152
[    0.000000] PV qspinlock hash table entries: 256 (order: 0, 4096 bytes)
[    0.000000] Built 1 zonelists, mobility grouping on.  Total pages: 257913
[    0.000000] Policy zone: DMA32
[    0.000000] Kernel command line: BOOT_IMAGE=/boot/vmlinuz-4.15.0-132-generic root=UUID=a582e8d1-b7a9-43c9-bc43-fd80e8102b06 ro console=tty1 console=ttyS0
[    0.000000] Memory: 982676K/1048120K available (12300K kernel code, 2482K rwdata, 4276K rodata, 2440K init, 2724K bss, 65444K reserved, 0K cma-reserved)
[    0.000000] SLUB: HWalign=64, Order=0-3, MinObjects=0, CPUs=1, Nodes=1
[    0.000000] Kernel/User page tables isolation: enabled
[    0.000000] ftrace: allocating 39421 entries in 154 pages
[    0.004000] Hierarchical RCU implementation.
[    0.004000] 	RCU restricting CPUs from NR_CPUS=8192 to nr_cpu_ids=1.
[    0.004000] 	Tasks RCU enabled.
[    0.004000] RCU: Adjusting geometry for rcu_fanout_leaf=16, nr_cpu_ids=1
[    0.004000] NR_IRQS: 524544, nr_irqs: 256, preallocated irqs: 16
[    0.004000] Console: colour VGA+ 80x25
[    0.004000] console [tty1] enabled
[    0.004000] console [ttyS0] enabled
[    0.004000] ACPI: Core revision 20170831
[    0.004000] ACPI: 2 ACPI AML tables successfully acquired and loaded
[    0.004000] APIC: Switch to symmetric I/O mode setup
[    0.004000] ..TIMER: vector=0x30 apic1=0 pin1=2 apic2=-1 pin2=-1
[    0.004006] tsc: Detected 1991.999 MHz processor
[    0.008010] Calibrating delay loop (skipped) preset value.. 3983.99 BogoMIPS (lpj=7967996)
[    0.012003] pid_max: default: 32768 minimum: 301
[    0.016073] Security Framework initialized
[    0.020003] Yama: becoming mindful.
[    0.024020] AppArmor: AppArmor initialized
[    0.036127] Dentry cache hash table entries: 131072 (order: 8, 1048576 bytes)
[    0.041935] Inode-cache hash table entries: 65536 (order: 7, 524288 bytes)
[    0.044139] Mount-cache hash table entries: 2048 (order: 2, 16384 bytes)
[    0.048082] Mountpoint-cache hash table entries: 2048 (order: 2, 16384 bytes)
[    0.053133] Last level iTLB entries: 4KB 64, 2MB 8, 4MB 8
[    0.056004] Last level dTLB entries: 4KB 64, 2MB 0, 4MB 0, 1GB 4
[    0.060004] Spectre V1 : Mitigation: usercopy/swapgs barriers and __user pointer sanitization
[    0.064003] Spectre V2 : Mitigation: Full generic retpoline
[    0.068005] Spectre V2 : Spectre v2 / SpectreRSB mitigation: Filling RSB on context switch
[    0.072008] Speculative Store Bypass: Vulnerable
[    0.076039] MDS: Mitigation: Clear CPU buffers
[    0.088022] Freeing SMP alternatives memory: 36K
[    0.204004] APIC calibration not consistent with PM-Timer: 103ms instead of 100ms
[    0.208000] APIC delta adjusted to PM-Timer: 6310861 (6500370)
[    0.208566] smpboot: CPU0: Intel(R) Core(TM) i7-8550U CPU @ 1.80GHz (family: 0x6, model: 0x8e, stepping: 0xa)
[    0.216254] Performance Events: unsupported p6 CPU model 142 no PMU driver, software events only.
[    0.220133] Hierarchical SRCU implementation.
[    0.224738] NMI watchdog: Perf event create on CPU 0 failed with -2
[    0.228002] NMI watchdog: Perf NMI watchdog permanently disabled
[    0.232290] smp: Bringing up secondary CPUs ...
[    0.236003] smp: Brought up 1 node, 1 CPU
[    0.239580] smpboot: Max logical packages: 1
[    0.240006] smpboot: Total of 1 processors activated (3983.99 BogoMIPS)
[    0.244317] devtmpfs: initialized
[    0.248087] x86/mm: Memory block size: 128MB
[    0.252510] evm: security.selinux
[    0.256009] evm: security.SMACK64
[    0.260004] evm: security.SMACK64EXEC
[    0.263283] evm: security.SMACK64TRANSMUTE
[    0.264004] evm: security.SMACK64MMAP
[    0.267127] evm: security.apparmor
[    0.268004] evm: security.ima
[    0.272002] evm: security.capability
[    0.276107] clocksource: jiffies: mask: 0xffffffff max_cycles: 0xffffffff, max_idle_ns: 7645041785100000 ns
[    0.280019] futex hash table entries: 256 (order: 2, 16384 bytes)
[    0.284110] pinctrl core: initialized pinctrl subsystem
[    0.288313] RTC time: 20:14:33, date: 01/17/21
[    0.292447] NET: Registered protocol family 16
[    0.296130] audit: initializing netlink subsys (disabled)
[    0.300019] cpuidle: using governor ladder
[    0.302915] cpuidle: using governor menu
[    0.304007] audit: type=2000 audit(1610914480.608:1): state=initialized audit_enabled=0 res=1
[    0.308080] ACPI: bus type PCI registered
[    0.312003] acpiphp: ACPI Hot Plug PCI Controller Driver version: 0.5
[    0.316416] PCI: Using configuration type 1 for base access
[    0.321885] HugeTLB registered 2.00 MiB page size, pre-allocated 0 pages
[    0.324796] ACPI: Added _OSI(Module Device)
[    0.328004] ACPI: Added _OSI(Processor Device)
[    0.332003] ACPI: Added _OSI(3.0 _SCP Extensions)
[    0.335292] ACPI: Added _OSI(Processor Aggregator Device)
[    0.336022] ACPI: Added _OSI(Linux-Dell-Video)
[    0.340020] ACPI: Added _OSI(Linux-Lenovo-NV-HDMI-Audio)
[    0.344003] ACPI: Added _OSI(Linux-HPI-Hybrid-Graphics)
[    0.348774] ACPI: Executed 1 blocks of module-level executable AML code
[    0.359425] ACPI: Interpreter enabled
[    0.360012] ACPI: (supports S0 S5)
[    0.364003] ACPI: Using IOAPIC for interrupt routing
[    0.368315] PCI: Using host bridge windows from ACPI; if necessary, use "pci=nocrs" and report a bug
[    0.372182] ACPI: Enabled 2 GPEs in block 00 to 07
[    0.386836] ACPI: PCI Root Bridge [PCI0] (domain 0000 [bus 00-ff])
[    0.388008] acpi PNP0A03:00: _OSC: OS supports [ASPM ClockPM Segments MSI]
[    0.392588] acpi PNP0A03:00: _OSC: not requesting OS control; OS requires [ExtendedConfig ASPM ClockPM MSI]
[    0.396021] acpi PNP0A03:00: fail to add MMCONFIG information, can't access extended PCI configuration space under this bridge.
[    0.400563] PCI host bridge to bus 0000:00
[    0.403626] pci_bus 0000:00: root bus resource [io  0x0000-0x0cf7 window]
[    0.404009] pci_bus 0000:00: root bus resource [io  0x0d00-0xffff window]
[    0.408004] pci_bus 0000:00: root bus resource [mem 0x000a0000-0x000bffff window]
[    0.412003] pci_bus 0000:00: root bus resource [mem 0x40000000-0xfdffffff window]
[    0.416008] pci_bus 0000:00: root bus resource [bus 00-ff]
[    0.425688] pci 0000:00:01.1: legacy IDE quirk: reg 0x10: [io  0x01f0-0x01f7]
[    0.428009] pci 0000:00:01.1: legacy IDE quirk: reg 0x14: [io  0x03f6]
[    0.432004] pci 0000:00:01.1: legacy IDE quirk: reg 0x18: [io  0x0170-0x0177]
[    0.436003] pci 0000:00:01.1: legacy IDE quirk: reg 0x1c: [io  0x0376]
[    0.505844] pci 0000:00:07.0: quirk: [io  0x4000-0x403f] claimed by PIIX4 ACPI
[    0.508030] pci 0000:00:07.0: quirk: [io  0x4100-0x410f] claimed by PIIX4 SMB
[    0.525871] ACPI: PCI Interrupt Link [LNKA] (IRQs 5 9 10 *11)
[    0.528460] ACPI: PCI Interrupt Link [LNKB] (IRQs 5 9 *10 11)
[    0.536153] ACPI: PCI Interrupt Link [LNKC] (IRQs 5 *9 10 11)
[    0.544117] ACPI: PCI Interrupt Link [LNKD] (IRQs 5 9 10 *11)
[    0.552505] SCSI subsystem initialized
[    0.556241] pci 0000:00:02.0: vgaarb: setting as boot VGA device
[    0.560000] pci 0000:00:02.0: vgaarb: VGA device added: decodes=io+mem,owns=io+mem,locks=none
[    0.560009] pci 0000:00:02.0: vgaarb: bridge control possible
[    0.564002] vgaarb: loaded
[    0.568064] ACPI: bus type USB registered
[    0.572036] usbcore: registered new interface driver usbfs
[    0.576027] usbcore: registered new interface driver hub
[    0.580021] usbcore: registered new device driver usb
[    0.584170] EDAC MC: Ver: 3.0.0
[    0.592307] PCI: Using ACPI for IRQ routing
[    0.596492] NetLabel: Initializing
[    0.600002] NetLabel:  domain hash size = 128
[    0.604002] NetLabel:  protocols = UNLABELED CIPSOv4 CALIPSO
[    0.608104] NetLabel:  unlabeled traffic allowed by default
[    0.612230] clocksource: Switched to clocksource kvm-clock
[    0.671120] VFS: Disk quotas dquot_6.6.0
[    0.674578] VFS: Dquot-cache hash table entries: 512 (order 0, 4096 bytes)
[    0.680861] AppArmor: AppArmor Filesystem Enabled
[    0.684066] pnp: PnP ACPI init
[    0.688224] pnp: PnP ACPI: found 3 devices
[    0.698655] clocksource: acpi_pm: mask: 0xffffff max_cycles: 0xffffff, max_idle_ns: 2085701024 ns
[    0.706158] NET: Registered protocol family 2
[    0.711340] TCP established hash table entries: 8192 (order: 4, 65536 bytes)
[    0.717275] TCP bind hash table entries: 8192 (order: 5, 131072 bytes)
[    0.724644] TCP: Hash tables configured (established 8192 bind 8192)
[    0.729782] UDP hash table entries: 512 (order: 2, 16384 bytes)
[    0.734466] UDP-Lite hash table entries: 512 (order: 2, 16384 bytes)
[    0.739727] NET: Registered protocol family 1
[    0.744358] pci 0000:00:00.0: Limiting direct PCI/PCI transfers
[    0.748429] pci 0000:00:01.0: Activating ISA DMA hang workarounds
[    0.752337] pci 0000:00:02.0: Video device with shadowed ROM at [mem 0x000c0000-0x000dffff]
[    0.757969] Unpacking initramfs...
[    1.295636] Freeing initrd memory: 19748K
[    1.300374] clocksource: tsc: mask: 0xffffffffffffffff max_cycles: 0x396d4ffc055, max_idle_ns: 881590662783 ns
[    1.306948] platform rtc_cmos: registered platform RTC device (no PNP device found)
[    1.313482] Scanning for low memory corruption every 60 seconds
[    1.317963] Initialise system trusted keyrings
[    1.321442] Key type blacklist registered
[    1.324654] workingset: timestamp_bits=36 max_order=18 bucket_order=0
[    1.330888] zbud: loaded
[    1.334017] squashfs: version 4.0 (2009/01/31) Phillip Lougher
[    1.338592] fuse init (API version 7.26)
[    1.342425] Key type asymmetric registered
[    1.345582] Asymmetric key parser 'x509' registered
[    1.349935] Block layer SCSI generic (bsg) driver version 0.4 loaded (major 246)
[    1.356135] io scheduler noop registered
[    1.359023] io scheduler deadline registered
[    1.362787] io scheduler cfq registered (default)
[    1.368428] ACPI: AC Adapter [AC] (on-line)
[    1.371079] input: Power Button as /devices/LNXSYSTM:00/LNXPWRBN:00/input/input0
[    1.377560] ACPI: Power Button [PWRF]
[    1.380028] input: Sleep Button as /devices/LNXSYSTM:00/LNXSLPBN:00/input/input1
[    1.387087] ACPI: Sleep Button [SLPF]
[    1.391489] ACPI: Battery Slot [BAT0] (battery present)
[    1.396290] Serial: 8250/16550 driver, 32 ports, IRQ sharing enabled
[    1.424531] 00:02: ttyS0 at I/O 0x3f8 (irq = 4, base_baud = 115200) is a 16550A
[    1.433774] Linux agpgart interface v0.103
[    1.440250] loop: module loaded
[    1.444280] scsi host0: ata_piix
[    1.446830] scsi host1: ata_piix
[    1.449890] ata1: PATA max UDMA/33 cmd 0x1f0 ctl 0x3f6 bmdma 0xd000 irq 14
[    1.455720] ata2: PATA max UDMA/33 cmd 0x170 ctl 0x376 bmdma 0xd008 irq 15
[    1.463018] libphy: Fixed MDIO Bus: probed
[    1.467164] tun: Universal TUN/TAP device driver, 1.6
[    1.470727] PPP generic driver version 2.4.2
[    1.473742] ehci_hcd: USB 2.0 'Enhanced' Host Controller (EHCI) Driver
[    1.477944] ehci-pci: EHCI PCI platform driver
[    1.481445] ehci-platform: EHCI generic platform driver
[    1.485251] ohci_hcd: USB 1.1 'Open' Host Controller (OHCI) Driver
[    1.489721] ohci-pci: OHCI PCI platform driver
[    1.493117] ohci-platform: OHCI generic platform driver
[    1.497188] uhci_hcd: USB Universal Host Controller Interface driver
[    1.502014] i8042: PNP: PS/2 Controller [PNP0303:PS2K,PNP0f03:PS2M] at 0x60,0x64 irq 1,12
[    1.511419] serio: i8042 KBD port at 0x60,0x64 irq 1
[    1.516156] serio: i8042 AUX port at 0x60,0x64 irq 12
[    1.519407] mousedev: PS/2 mouse device common for all mice
[    1.525213] input: AT Translated Set 2 keyboard as /devices/platform/i8042/serio0/input/input2
[    1.535009] rtc_cmos rtc_cmos: rtc core: registered rtc_cmos as rtc0
[    1.546917] rtc_cmos rtc_cmos: alarms up to one day, 114 bytes nvram
[    1.551620] i2c /dev entries driver
[    1.554282] device-mapper: uevent: version 1.0.3
[    1.557467] device-mapper: ioctl: 4.37.0-ioctl (2017-09-20) initialised: dm-devel@redhat.com
[    1.562868] ledtrig-cpu: registered to indicate activity on CPUs
[    1.567169] NET: Registered protocol family 10
[    1.573364] Segment Routing with IPv6
[    1.575642] NET: Registered protocol family 17
[    1.578905] Key type dns_resolver registered
[    1.582321] mce: Using 0 MCE banks
[    1.585041] RAS: Correctable Errors collector initialized.
[    1.588877] sched_clock: Marking stable (1588828558, 0)->(2330445016, -741616458)
[    1.594191] registered taskstats version 1
[    1.597349] Loading compiled-in X.509 certificates
[    1.602833] Loaded X.509 cert 'Build time autogenerated kernel key: a98b2ffd047997e948f693688a19fea0dd669537'
[    1.610458] zswap: loaded using pool lzo/zbud
[    1.617938] Key type big_key registered
[    1.672259] Key type trusted registered
[    1.676935] Key type encrypted registered
[    1.680220] AppArmor: AppArmor sha1 policy hashing enabled
[    1.684551] ima: No TPM chip found, activating TPM-bypass! (rc=-19)
[    1.689366] ima: Allocated hash algorithm: sha1
[    1.692971] evm: HMAC attrs: 0x1
[    1.695649]   Magic number: 5:536:245
[    1.700898]   hash matches /build/linux-T8y82x/linux-4.15.0/drivers/base/power/main.c:1181
[    1.706661] rtc_cmos rtc_cmos: setting system clock to 2021-01-17 20:14:34 UTC (1610914474)
[    1.713819] BIOS EDD facility v0.16 2004-Jun-25, 0 devices found
[    1.717798] EDD information not available.
[    1.722960] Freeing unused kernel image memory: 2440K
[    1.732388] Write protecting the kernel read-only data: 20480k
[    1.736319] Freeing unused kernel image memory: 2008K
[    1.740692] Freeing unused kernel image memory: 1868K
[    1.749460] x86/mm: Checked W+X mappings: passed, no W+X pages found.
[    1.753847] x86/mm: Checking user space page tables
[    1.762178] x86/mm: Checked W+X mappings: passed, no W+X pages found.
Loading, please wait...
starting version 237
[    1.886445] e1000: Intel(R) PRO/1000 Network Driver - version 7.3.21-k8-NAPI
[    1.892631] e1000: Copyright (c) 1999-2006 Intel Corporation.
[    1.906079] Fusion MPT base driver 3.04.20
[    1.909462] Copyright (c) 1999-2008 LSI Corporation
[    1.974766] Fusion MPT SPI Host driver 3.04.20
[    2.168618] input: ImExPS/2 Generic Explorer Mouse as /devices/platform/i8042/serio1/input/input4
[    2.661645] e1000 0000:00:03.0 eth0: (PCI:33MHz:32-bit) 02:60:71:1d:34:36
[    2.666716] e1000 0000:00:03.0 eth0: Intel(R) PRO/1000 Network Connection
[    2.673508] mptbase: ioc0: Initiating bringup
[    2.774321] ioc0: LSI53C1030 A0: Capabilities={Initiator}
[    3.030149] scsi host2: ioc0: LSI53C1030 A0, FwRev=00000000h, Ports=1, MaxQ=256, IRQ=20
[    3.206076] scsi 2:0:0:0: Direct-Access     VBOX     HARDDISK         1.0  PQ: 0 ANSI: 5
[    3.214649] scsi target2:0:0: Beginning Domain Validation
[    3.220863] random: fast init done
[    3.229743] scsi target2:0:0: Domain Validation skipping write tests
[    3.235131] scsi target2:0:0: Ending Domain Validation
[    3.240162] scsi target2:0:0: asynchronous
[    3.244883] scsi 2:0:1:0: Direct-Access     VBOX     HARDDISK         1.0  PQ: 0 ANSI: 5
[    3.250203] scsi target2:0:1: Beginning Domain Validation
[    3.344937] scsi target2:0:1: Domain Validation skipping write tests
[    3.349740] scsi target2:0:1: Ending Domain Validation
[    3.362385] scsi target2:0:1: asynchronous
[    3.482710] sd 2:0:0:0: Attached scsi generic sg0 type 0
[    3.488538] sd 2:0:0:0: [sda] 20971520 512-byte logical blocks: (10.7 GB/10.0 GiB)
[    3.493658] sd 2:0:1:0: Attached scsi generic sg1 type 0
[    3.499151] random: systemd-udevd: uninitialized urandom read (16 bytes read)
[    3.506272] sd 2:0:1:0: [sdb] 20480 512-byte logical blocks: (10.5 MB/10.0 MiB)
[    3.512169] sd 2:0:0:0: [sda] Write Protect is off
[    3.516389] sd 2:0:0:0: [sda] Incomplete mode parameter data
[    3.520684] sd 2:0:0:0: [sda] Assuming drive cache: write through
[    3.525139] sd 2:0:1:0: [sdb] Write Protect is off
[    3.536656] random: systemd-udevd: uninitialized urandom read (16 bytes read)
[    3.543933] sd 2:0:1:0: [sdb] Incomplete mode parameter data
[    3.548405] sd 2:0:1:0: [sdb] Assuming drive cache: write through
[    3.562363]  sda: sda1
[    3.565862] random: systemd-udevd: uninitialized urandom read (16 bytes read)
[    3.574126] sd 2:0:0:0: [sda] Attached SCSI disk
[    3.632050] sd 2:0:1:0: [sdb] Attached SCSI disk
[    4.023700] e1000 0000:00:08.0 eth1: (PCI:33MHz:32-bit) 08:00:27:07:ce:98
[    4.029435] e1000 0000:00:08.0 eth1: Intel(R) PRO/1000 Network Connection
[    4.659535] e1000 0000:00:09.0 eth2: (PCI:33MHz:32-bit) 08:00:27:fa:f8:a8
[    4.665497] e1000 0000:00:09.0 eth2: Intel(R) PRO/1000 Network Connection
[    4.671410] e1000 0000:00:09.0 enp0s9: renamed from eth2
[    4.696635] e1000 0000:00:08.0 enp0s8: renamed from eth1
[    4.706877] e1000 0000:00:03.0 enp0s3: renamed from eth0
Begin: Loading essential drivers ... [    6.932562] raid6: sse2x1   gen() 11664 MB/s
[    6.996150] raid6: sse2x1   xor() 10069 MB/s
[    7.048060] raid6: sse2x2   gen() 12726 MB/s
[    7.100852] raid6: sse2x2   xor()  9710 MB/s
[    7.156068] raid6: sse2x4   gen() 15988 MB/s
[    7.208172] raid6: sse2x4   xor() 10338 MB/s
[    7.212233] raid6: using algorithm sse2x4 gen() 15988 MB/s
[    7.216067] raid6: .... xor() 10338 MB/s, rmw enabled
[    7.220064] raid6: using ssse3x2 recovery algorithm
[    7.225568] xor: measuring software checksum speed
[    7.336231]    prefetch64-sse: 50676.000 MB/sec
[    7.444132]    generic_sse: 49299.000 MB/sec
[    7.448962] xor: using function: prefetch64-sse (50676.000 MB/sec)
[    7.455637] async_tx: api initialized (async)
done.
Begin: Running /scripts/init-premount ... done.
Begin: Mounting root file system ... Begin: Running /scripts/local-top ... done.
Begin: Running /scripts/local-premount ... [    7.516737] Btrfs loaded, crc32c=crc32c-intel
Scanning for Btrfs filesystems
done.
Warning: fsck not present, so skipping root file system
[    7.588623] EXT4-fs (sda1): mounted filesystem with ordered data mode. Opts: (null)
done.
Begin: Running /scripts/local-bottom ... done.
Begin: Running /scripts/init-bottom ... done.
[    8.964602] ip_tables: (C) 2000-2006 Netfilter Core Team
[    9.058050] systemd[1]: systemd 237 running in system mode. (+PAM +AUDIT +SELINUX +IMA +APPARMOR +SMACK +SYSVINIT +UTMP +LIBCRYPTSETUP +GCRYPT +GNUTLS +ACL +XZ +LZ4 +SECCOMP +BLKID +ELFUTILS +KMOD -IDN2 +IDN -PCRE2 default-hierarchy=hybrid)
[    9.076017] systemd[1]: Detected virtualization oracle.
[    9.080853] systemd[1]: Detected architecture x86-64.

Welcome to [1mUbuntu 18.04.5 LTS[0m!

[    9.104037] systemd[1]: Set hostname to <alpha>.
[    9.239433] random: crng init done
[    9.242163] random: 7 urandom warning(s) missed due to ratelimiting
[   10.908060] systemd[1]: Set up automount Arbitrary Executable File Formats File System Automount Point.
[[0;32m  OK  [0m] Set up automount Arbitrary Executabâ€¦rmats File System Automount Point.
[   10.920431] systemd[1]: Created slice System Slice.
[[0;32m  OK  [0m] Created slice System Slice.
[   10.928081] systemd[1]: Listening on udev Kernel Socket.
[[0;32m  OK  [0m] Listening on udev Kernel Socket.
[   10.936613] systemd[1]: Listening on LVM2 poll daemon socket.
[[0;32m  OK  [0m] Listening on LVM2 poll daemon socket.
[   10.944666] systemd[1]: Listening on Journal Audit Socket.
[[0;32m  OK  [0m] Listening on Journal Audit Socket.
[   10.951564] systemd[1]: Reached target Swap.
[[0;32m  OK  [0m] Reached target Swap.
[[0;32m  OK  [0m] Created slice system-serial\x2dgetty.slice.
[[0;32m  OK  [0m] Listening on LVM2 metadata daemon socket.
[[0;32m  OK  [0m] Listening on udev Control Socket.
[[0;32m  OK  [0m] Started Forward Password Requests to Wall Directory Watch.
[[0;32m  OK  [0m] Created slice User and Session Slice.
[[0;32m  OK  [0m] Listening on Journal Socket.
         Starting udev Coldplug all Devices...
         Mounting Huge Pages File System...
         Mounting POSIX Message Queue File System...
[[0;32m  OK  [0m] Listening on /dev/initctl Compatibility Named Pipe.
         Starting Remount Root and Kernel File Systems...
[[0;32m  OK  [0m] Reached target System Time Synchronized.
         Starting Create list of required stâ€¦ce nodes for the current kernel...[   11.050054] EXT4-fs (sda1): re-mounted. Opts: (null)

[[0;32m  OK  [0m] Listening on Network Service Netlink Socket.
         Mounting Kernel Debug File System...
         Starting Uncomplicated firewall...
[[0;32m  OK  [0m] Listening on Device-mapper event daemon FIFOs.
         Starting Monitoring of LVM2 mirrorsâ€¦ng dmeventd or progress polling...
         Starting Set the console keyboard layout...
[[0;32m  OK  [0m] Reached target User and Group Name Lookups.
         Starting Load Kernel Modules...
[[0;32m  OK  [0m] Listening on Syslog Socket.
[[0;32m  OK  [0m] Reached target Slices.
[[0;32m  OK  [0m] Listening on Journal Socket (/dev/log).
         Starting Journal Service...
[[0;32m  OK  [0m] Mounted Huge Pages File System.
[[0;32m  OK  [0m] Mounted POSIX Message Queue File System.
[[0;32m  OK  [0m] Started Remount Root and Kernel File Systems.
[[0;32m  OK  [0m] Started Create list of required staâ€¦vice nodes for the current kernel.
[[0;32m  OK  [0m] Mounted Kernel Debug File System.
[[0;32m  OK  [0m] Started Uncomplicated firewall.
         Starting Create Static Device Nodes in /dev...
         Starting Load/Save Random Seed...
[   11.281245] Loading iSCSI transport class v2.0-870.
[[0;32m  OK  [0m] Started Journal Service.
[[0;32m  OK  [0m] Started udev Coldplug all Devices.
[[0;32m  OK  [0m] Started Load/Save Random Seed.
[[0;32m  OK  [0m] Started LVM2 metadata daemon.
         Starting Flush Journal to Persistent Storage...
[[0;32m  OK  [0m] Started Create Static Device Nodes in /dev.
         Starting udev Kernel Device Manager...
[   11.689126] systemd-journald[386]: Received request to flush runtime journal from PID 1
[   11.698482] iscsi: registered transport (tcp)
[[0;32m  OK  [0m] Started Monitoring of LVM2 mirrors,â€¦sing dmeventd or progress polling.
[[0;32m  OK  [0m] Started udev Kernel Device Manager.
[   12.281464] iscsi: registered transport (iser)
[[0;32m  OK  [0m] Started Load Kernel Modules.
         Mounting FUSE Control File System...
         Mounting Kernel Configuration File System...
         Starting Apply Kernel Variables...
[[0;32m  OK  [0m] Mounted FUSE Control File System.
[[0;32m  OK  [0m] Mounted Kernel Configuration File System.
[[0;32m  OK  [0m] Started Apply Kernel Variables.
[[0;32m  OK  [0m] Found device /dev/ttyS0.
[[0;32m  OK  [0m] Listening on Load/Save RF Kill Switch Status /dev/rfkill Watch.
[[0;32m  OK  [0m] Started Flush Journal to Persistent Storage.
[[0;32m  OK  [0m] Started Set the console keyboard layout.
[[0;32m  OK  [0m] Started Dispatch Password Requests to Console Directory Watch.
[[0;32m  OK  [0m] Reached target Local Encrypted Volumes.
[[0;32m  OK  [0m] Reached target Local File Systems (Pre).
[[0;32m  OK  [0m] Reached target Local File Systems.
         Starting Tell Plymouth To Write Out Runtime Data...
         Starting Set console font and keymap...
         Starting AppArmor initialization...
         Starting ebtables ruleset management...
         Starting Create Volatile Files and Directories...
         Mounting /vagrant...
[[0;32m  OK  [0m] Started Tell Plymouth To Write Out Runtime Data.
[[0;32m  OK  [0m] Started Set console font and keymap.
[[0;32m  OK  [0m] Mounted /vagrant.
[[0;32m  OK  [0m] Started Create Volatile Files and Directories.
         Starting Update UTMP about System Boot/Shutdown...
[[0;32m  OK  [0m] Started Update UTMP about System Boot/Shutdown.
[[0;32m  OK  [0m] Started ebtables ruleset management.
[[0;32m  OK  [0m] Started AppArmor initialization.
         Starting Load AppArmor profiles managed internally by snapd...
         Starting Initial cloud-init job (pre-networking)...
[[0;32m  OK  [0m] Started Load AppArmor profiles managed internally by snapd.
[   19.316477] cloud-init[696]: Cloud-init v. 20.4-0ubuntu1~18.04.2 running 'init-local' at Sun, 17 Jan 2021 20:14:51 +0000. Up 18.90 seconds.
[[0;32m  OK  [0m] Started Initial cloud-init job (pre-networking).
[[0;32m  OK  [0m] Reached target Network (Pre).
         Starting Network Service...
[[0;32m  OK  [0m] Started Network Service.
         Starting Network Name Resolution...
         Starting Wait for Network to be Configured...
[[0;32m  OK  [0m] Started Network Name Resolution.
[[0;32m  OK  [0m] Reached target Network.
[[0;32m  OK  [0m] Reached target Host and Network Name Lookups.
[[0;32m  OK  [0m] Started Wait for Network to be Configured.
         Starting Initial cloud-init job (metadata service crawler)...
[   22.624336] cloud-init[805]: Cloud-init v. 20.4-0ubuntu1~18.04.2 running 'init' at Sun, 17 Jan 2021 20:14:55 +0000. Up 22.45 seconds.
[   22.635661] cloud-init[805]: ci-info: ++++++++++++++++++++++++++++++++++++++Net device info+++++++++++++++++++++++++++++++++++++++
[   22.642730] cloud-init[805]: ci-info: +--------+------+-----------------------------+---------------+--------+-------------------+
[   22.648487] cloud-init[805]: ci-info: | Device |  Up  |           Address           |      Mask     | Scope  |     Hw-Address    |
[   22.655134] cloud-init[805]: ci-info: +--------+------+-----------------------------+---------------+--------+-------------------+
[   22.660374] cloud-init[805]: ci-info: | enp0s3 | True |          10.0.2.15          | 255.255.255.0 | global | 02:60:71:1d:34:36 |
[   22.665519] cloud-init[805]: ci-info: | enp0s3 | True |  fe80::60:71ff:fe1d:3436/64 |       .       |  link  | 02:60:71:1d:34:36 |
[   22.671036] cloud-init[805]: ci-info: | enp0s8 | True |         192.168.1.4         | 255.255.255.0 | global | 08:00:27:07:ce:98 |
[   22.678591] cloud-init[805]: ci-info: | enp0s8 | True | fe80::a00:27ff:fe07:ce98/64 |       .       |  link  | 08:00:27:07:ce:98 |
[   22.696272] cloud-init[805]: ci-info: | enp0s9 | True |         192.168.0.2         | 255.255.255.0 | global | 08:00:27:fa:f8:a8 |
[   22.704051] cloud-init[805]: ci-info: | enp0s9 | True | fe80::a00:27ff:fefa:f8a8/64 |       .       |  link  | 08:00:27:fa:f8:a8 |
[   22.714742] cloud-init[805]: ci-info: |   lo   | True |          127.0.0.1          |   255.0.0.0   |  host  |         .         |
[   22.720938] cloud-init[805]: ci-info: |   lo   | True |           ::1/128           |       .       |  host  |         .         |
[   22.726437] cloud-init[805]: ci-info: +--------+------+-----------------------------+---------------+--------+-------------------+
[   22.731937] cloud-init[805]: ci-info: ++++++++++++++++++++++++++++++Route IPv4 info++++++++++++++++++++++++++++++
[   22.737579] cloud-init[805]: ci-info: +-------+-------------+-------------+-----------------+-----------+-------+
[   22.744711] cloud-init[805]: ci-info: | Route | Destination |   Gateway   |     Genmask     | Interface | Flags |
[   22.757437] cloud-init[805]: ci-info: +-------+-------------+-------------+-----------------+-----------+-------+
[   22.762643] cloud-init[805]: ci-info: |   0   |   0.0.0.0   |   10.0.2.2  |     0.0.0.0     |   enp0s3  |   UG  |
[   22.767603] cloud-init[805]: ci-info: |   1   |   0.0.0.0   | 192.168.1.1 |     0.0.0.0     |   enp0s8  |   UG  |
[   22.773074] cloud-init[805]: ci-info: |   2   |   10.0.2.0  |   0.0.0.0   |  255.255.255.0  |   enp0s3  |   U   |
[   22.778136] cloud-init[805]: ci-info: |   3   |   10.0.2.2  |   0.0.0.0   | 255.255.255.255 |   enp0s3  |   UH  |
[   22.788492] cloud-init[805]: ci-info: |   4   | 192.168.0.0 |   0.0.0.0   |  255.255.255.0  |   enp0s9  |   U   |
[   22.795509] cloud-init[805]: ci-info: |   5   | 192.168.1.0 |   0.0.0.0   |  255.255.255.0  |   enp0s8  |   U   |
[   22.800463] cloud-init[805]: ci-info: |   6   | 192.168.1.1 |   0.0.0.0   | 255.255.255.255 |   enp0s8  |   UH  |
[   22.805933] cloud-init[805]: ci-info: +-------+-------------+-------------+-----------------+-----------+-------+
[   22.810720] cloud-init[805]: ci-info: +++++++++++++++++++Route IPv6 info+++++++++++++++++++
[   22.816785] cloud-init[805]: ci-info: +-------+-------------+---------+-----------+-------+
[   22.821664] cloud-init[805]: ci-info: | Route | Destination | Gateway | Interface | Flags |
[   22.826179] cloud-init[805]: ci-info: +-------+-------------+---------+-----------+-------+
[   22.831670] cloud-init[805]: ci-info: |   1   |  fe80::/64  |    ::   |   enp0s9  |   U   |
[   22.836988] cloud-init[805]: ci-info: |   2   |  fe80::/64  |    ::   |   enp0s3  |   U   |
[   22.841404] cloud-init[805]: ci-info: |   3   |  fe80::/64  |    ::   |   enp0s8  |   U   |
[   22.845752] cloud-init[805]: ci-info: |   5   |    local    |    ::   |   enp0s3  |   U   |
[   22.851022] cloud-init[805]: ci-info: |   6   |    local    |    ::   |   enp0s8  |   U   |
[   22.856707] cloud-init[805]: ci-info: |   7   |    local    |    ::   |   enp0s9  |   U   |
[   22.876327] cloud-init[805]: ci-info: |   8   |   ff00::/8  |    ::   |   enp0s9  |   U   |
[   22.880622] cloud-init[805]: ci-info: |   9   |   ff00::/8  |    ::   |   enp0s3  |   U   |
[   22.885245] cloud-init[805]: ci-info: |   10  |   ff00::/8  |    ::   |   enp0s8  |   U   |
[   22.889730] cloud-init[805]: ci-info: +-------+-------------+---------+-----------+-------+
[[0;32m  OK  [0m] Started Initial cloud-init job (metadata service crawler).
[[0;32m  OK  [0m] Reached target System Initialization.
[[0;32m  OK  [0m] Started Daily Cleanup of Temporary Directories.
[[0;32m  OK  [0m] Started Discard unused blocks once a week.
[[0;32m  OK  [0m] Listening on Open-iSCSI iscsid Socket.
[[0;32m  OK  [0m] Listening on D-Bus System Message Bus Socket.
[[0;32m  OK  [0m] Started ACPI Events Check.
[[0;32m  OK  [0m] Started Daily apt download activities.
[[0;32m  OK  [0m] Listening on ACPID Listen Socket.
         Starting Socket activation for snappy daemon.
[[0;32m  OK  [0m] Started Daily apt upgrade and clean activities.
[[0;32m  OK  [0m] Reached target Paths.
[[0;32m  OK  [0m] Started Message of the Day.
[[0;32m  OK  [0m] Reached target Timers.
         Starting LXD - unix socket.
[[0;32m  OK  [0m] Listening on UUID daemon activation socket.
[[0;32m  OK  [0m] Reached target Cloud-config availability.
[[0;32m  OK  [0m] Reached target Network is Online.
         Starting Availability of block devices...
[[0;32m  OK  [0m] Reached target Remote File Systems (Pre).
[[0;32m  OK  [0m] Reached target Remote File Systems.
[[0;32m  OK  [0m] Listening on Socket activation for snappy daemon.
[[0;32m  OK  [0m] Listening on LXD - unix socket.
[[0;32m  OK  [0m] Started Availability of block devices.
[[0;32m  OK  [0m] Reached target Sockets.
[[0;32m  OK  [0m] Reached target Basic System.
[[0;32m  OK  [0m] Started irqbalance daemon.
         Starting LXD - container startup/shutdown...
         Starting Virtualbox guest utils...
         Starting Permit User Sessions...
[[0;32m  OK  [0m] Started Deferred execution scheduler.
         Starting Login Service...
[[0;32m  OK  [0m] Started FUSE filesystem for LXC.
[[0;32m  OK  [0m] Started Regular background program processing daemon.
         Starting Dispatcher daemon for systemd-networkd...
         Starting LSB: Record successful boot for GRUB...
         Starting Accounts Service...
         Starting LSB: automatic crash report generation...
         Starting Snap Daemon...
         Starting System Logging Service...
[[0;32m  OK  [0m] Started D-Bus System Message Bus.
[[0;32m  OK  [0m] Started Login Service.
[[0;32m  OK  [0m] Started Unattended Upgrades Shutdown.
         Starting OpenBSD Secure Shell server...
[[0;32m  OK  [0m] Started System Logging Service.
[[0;32m  OK  [0m] Started Dispatcher daemon for systemd-networkd.
[[0;32m  OK  [0m] Started Permit User Sessions.
         Starting Hold until boot process finishes up...
         Starting Terminate Plymouth Boot Screen...
[[0;32m  OK  [0m] Started Hold until boot process finishes up.
         Starting Set console scheme...
[[0;32m  OK  [0m] Started Serial Getty on ttyS0.
[[0;32m  OK  [0m] Started Terminate Plymouth Boot Screen.
[[0;32m  OK  [0m] Started Set console scheme.
[[0;32m  OK  [0m] Created slice system-getty.slice.
[[0;32m  OK  [0m] Started Getty on tty1.
[[0;32m  OK  [0m] Reached target Login Prompts.
[[0;32m  OK  [0m] Started LSB: automatic crash report generation.
         Starting Authorization Manager...
[[0;32m  OK  [0m] Started LSB: Record successful boot for GRUB.
[[0;32m  OK  [0m] Started Virtualbox guest utils.
[[0;32m  OK  [0m] Started OpenBSD Secure Shell server.
[[0;32m  OK  [0m] Started Authorization Manager.
[[0;32m  OK  [0m] Started Accounts Service.
[[0;32m  OK  [0m] Started LXD - container startup/shutdown.
[[0;32m  OK  [0m] Created slice User Slice of vagrant.
         Starting User Manager for UID 1000...
[[0;32m  OK  [0m] Started Session 1 of user vagrant.
[[0;32m  OK  [0m] Started Snap Daemon.
         Starting Wait until snapd is fully seeded...
[[0;32m  OK  [0m] Started Wait until snapd is fully seeded.
[[0;32m  OK  [0m] Reached target Multi-User System.
[[0;32m  OK  [0m] Reached target Graphical Interface.
         Starting Update UTMP about System Runlevel Changes...
         Starting Apply the settings specified in cloud-config...
[[0;32m  OK  [0m] Started Update UTMP about System Runlevel Changes.
[[0;32m  OK  [0m] Started User Manager for UID 1000.
[[0;32m  OK  [0m] Started Apply the settings specified in cloud-config.
         Starting Execute cloud user/final scripts...
[[0;32m  OK  [0m] Started Execute cloud user/final scripts.
[[0;32m  OK  [0m] Reached target Cloud-init target.
[   30.138334] cloud-init[1313]: Cloud-init v. 20.4-0ubuntu1~18.04.2 running 'modules:config' at Sun, 17 Jan 2021 20:15:01 +0000. Up 28.54 seconds.
[   30.146657] cloud-init[1355]: Cloud-init v. 20.4-0ubuntu1~18.04.2 running 'modules:final' at Sun, 17 Jan 2021 20:15:02 +0000. Up 29.59 seconds.
[   30.152797] cloud-init[1355]: Cloud-init v. 20.4-0ubuntu1~18.04.2 finished at Sun, 17 Jan 2021 20:15:02 +0000. Datasource DataSourceNoCloud [seed=/dev/sdb][dsmode=net].  Up 29.88 seconds

Ubuntu 18.04.5 LTS alpha ttyS0

alpha login: 